package main

import "github.com/gobuffalo/buffalo-auth/cmd"

func main() {
	cmd.Execute()
}

func other() {
	//does something else
}