package base

import "fmt"

func init(){
	fmt.Println("AAA")
}