package base
import "github.com/wawandco/fako"
import "other/package"

func init(){
}